Microsoft Windows [Version 10.0.17134.407]
(c) 2018 Microsoft Corporation. All rights reserved.

C:\Users\student>cd yh

C:\Users\student\yh>cd vue

C:\Users\student\yh\vue>cd chat

C:\Users\student\yh\vue\chat>npm

Usage: npm <command>

where <command> is one of:
    access, adduser, audit, bin, bugs, c, cache, ci, cit,
    completion, config, create, ddp, dedupe, deprecate,
    dist-tag, docs, doctor, edit, explore, get, help,
    help-search, hook, i, init, install, install-test, it, link,
    list, ln, login, logout, ls, outdated, owner, pack, ping,
    prefix, profile, prune, publish, rb, rebuild, repo, restart,
    root, run, run-script, s, se, search, set, shrinkwrap, star,
    stars, start, stop, t, team, test, token, tst, un,
    uninstall, unpublish, unstar, up, update, v, version, view,
    whoami

npm <command> -h  quick help on <command>
npm -l            display full usage info
npm help <term>   search for help on <term>
npm help npm      involved overview

Specify configs in the ini-formatted file:
    C:\Users\student\.npmrc
or on the command line via: npm <command> --key value
Config info can be viewed via: npm help config

npm@6.4.1 C:\Program Files\nodejs\node_modules\npm

C:\Users\student\yh\vue\chat>npm install firebase-tools
일괄 작업을 끝내시겠습니까 (Y/N)? y

C:\Users\student\yh\vue\chat>npm install -g firebase-tools
C:\Users\student\AppData\Roaming\npm\firebase -> C:\Users\student\AppData\Roaming\npm\node_modules\firebase-tools\lib\bin\firebase.js
npm WARN optional SKIPPING OPTIONAL DEPENDENCY: fsevents@1.2.9 (node_modules\firebase-tools\node_modules\fsevents):
npm WARN notsup SKIPPING OPTIONAL DEPENDENCY: Unsupported platform for fsevents@1.2.9: wanted {"os":"darwin","arch":"any"} (current: {"os":"win32","arch":"x64"})

+ firebase-tools@6.9.0
added 508 packages from 280 contributors in 11.941s

C:\Users\student\yh\vue\chat>firebase login
? Allow Firebase to collect anonymous CLI usage and error reporting information? Yes

Visit this URL on any device to log in:
https://accounts.google.com/o/oauth2/auth?client_id=563584335869-fgrhgmd47bqnekij5i8b5pr03ho849e6.apps.googleusercontent.com&scope=email%20openid%20https%3A%2F%2Fwww.googleapis.com%2Fauth%2Fcloudplatformprojects.readonly%20https%3A%2F%2Fwww.googleapis.com%2Fauth%2Ffirebase%20https%3A%2F%2Fwww.googleapis.com%2Fauth%2Fcloud-platform&response_type=code&state=840736587&redirect_uri=http%3A%2F%2Flocalhost%3A9005

Waiting for authentication...

+  Success! Logged in as a01075135512@gmail.com

C:\Users\student\yh\vue\chat>firebase init

     ######## #### ########  ######## ########     ###     ######  ########
     ##        ##  ##     ## ##       ##     ##  ##   ##  ##       ##
     ######    ##  ########  ######   ########  #########  ######  ######
     ##        ##  ##    ##  ##       ##     ## ##     ##       ## ##
     ##       #### ##     ## ######## ########  ##     ##  ######  ########

You're about to initialize a Firebase project in this directory:

  C:\Users\student\yh\vue\chat

? Are you ready to proceed? Yes
? Which Firebase CLI features do you want to set up for this folder? Press Space to select features, then Enter to conf
irm your choices. Database: Deploy Firebase Realtime Database Rules, Hosting: Configure and deploy Firebase Hosting sit
es

=== Project Setup

First, let's associate this project directory with a Firebase project.
You can create multiple project aliases by running firebase use --add,
but for now we'll just set up a default project.

? Select a default Firebase project for this directory: vue-chat-a (vue-chat)
i  Using project vue-chat-a (vue-chat)

=== Database Setup

Firebase Realtime Database Rules allow you to define how your data should be
structured and when your data can be read from and written to.

? What file should be used for Database Rules? database.rules.json
+  Database Rules for vue-chat-a have been downloaded to database.rules.json.
Future modifications to database.rules.json will update Database Rules when you run
firebase deploy.

=== Hosting Setup

Your public directory is the folder (relative to your project directory) that
will contain Hosting assets to be uploaded with firebase deploy. If you
have a build process for your assets, use your build's output directory.

? What do you want to use as your public directory? public
? Configure as a single-page app (rewrite all urls to /index.html)? Yes
? File public/index.html already exists. Overwrite? No
i  Skipping write of public/index.html

i  Writing configuration info to firebase.json...
i  Writing project information to .firebaserc...
i  Writing gitignore file to .gitignore...

+  Firebase initialization complete!

C:\Users\student\yh\vue\chat>

C:\Users\student\yh\vue\chat>

C:\Users\student\yh\vue\chat>fierbase deploy
'fierbase'은(는) 내부 또는 외부 명령, 실행할 수 있는 프로그램, 또는
배치 파일이 아닙니다.

C:\Users\student\yh\vue\chat>fierbase deploy
'fierbase'은(는) 내부 또는 외부 명령, 실행할 수 있는 프로그램, 또는
배치 파일이 아닙니다.

C:\Users\student\yh\vue\chat>firebase deploy

=== Deploying to 'vue-chat-a'...

i  deploying database, hosting
i  database: checking rules syntax...
+  database: rules syntax for database vue-chat-a is valid
i  hosting[vue-chat-a]: beginning deploy...
i  hosting[vue-chat-a]: found 1 files in public
+  hosting[vue-chat-a]: file upload complete
i  database: releasing rules...
+  database: rules for database vue-chat-a released successfully
i  hosting[vue-chat-a]: finalizing version...
+  hosting[vue-chat-a]: version finalized
i  hosting[vue-chat-a]: releasing new version...
+  hosting[vue-chat-a]: release complete

+  Deploy complete!

Project Console: https://console.firebase.google.com/project/vue-chat-a/overview
Hosting URL: https://vue-chat-a.firebaseapp.com

C:\Users\student\yh\vue\chat>


********** 수정하고싶으면 html 파일을 수정하고 명령 프롬프트에
C:\Users\student\yh\vue\chat>firebase deploy
를 입력하면 자동으로 올라가짐